12:06:16 **** Auto Build of configuration Debug for project sdgadf ****
make pre-build main-build 
a9-linaro-pre-build-step
 
Building file: ../src/memorytest.c
Invoking: ARM v7 gcc compiler
arm-none-eabi-gcc -Wall -O0 -g3 -c -fmessage-length=0 -MT"src/memorytest.o" -mcpu=cortex-a9 -mfpu=vfpv3 -mfloat-abi=hard -I../../sdgadf_bsp/ps7_cortexa9_1/include -MMD -MP -MF"src/memorytest.d" -MT"src/memorytest.o" -o "src/memorytest.o" "../src/memorytest.c"
Finished building: ../src/memorytest.c
 
Building target: sdgadf.elf
Invoking: ARM v7 gcc linker
arm-none-eabi-gcc -mcpu=cortex-a9 -mfpu=vfpv3 -mfloat-abi=hard -Wl,-build-id=none -specs=Xilinx.spec -Wl,-T -Wl,../src/lscript.ld -L../../sdgadf_bsp/ps7_cortexa9_1/lib -o "sdgadf.elf"  ./src/memory_config_g.o ./src/memorytest.o ./src/platform.o   -Wl,--start-group,-lxil,-lgcc,-lc,--end-group
Finished building target: sdgadf.elf
 
Invoking: ARM v7 Print Size
arm-none-eabi-size sdgadf.elf  |tee "sdgadf.elf.size"
   text	   data	    bss	    dec	    hex	filename
  27664	   1188	  14392	  43244	   a8ec	sdgadf.elf
Finished building: sdgadf.elf.size
 

12:06:17 Build Finished (took 620ms)

